// Jest Snapshot v1, https://goo.gl/fbAQLP

exports[`VerifyAddress Component should match the snapshot 1`] = `
ShallowWrapper {
  "length": 1,
  Symbol(enzyme.__root__): [Circular],
  Symbol(enzyme.__unrendered__): <VerifyAddress
    moveStep={[Function]}
    requestAddressVerification={[Function]}
/>,
  Symbol(enzyme.__renderer__): Object {
    "batchedUpdates": [Function],
    "getNode": [Function],
    "render": [Function],
    "simulateEvent": [Function],
    "unmount": [Function],
  },
  Symbol(enzyme.__node__): Object {
    "instance": null,
    "key": undefined,
    "nodeType": "function",
    "props": Object {
      "children": Array [
        <Dimmer
          active={undefined}
>
          <Loader />
</Dimmer>,
        <Header
          content="Where are we sending this beautiful plant?"
          subheader="Enter your address below"
/>,
        <Form
          as="form"
          onSubmit={[Function]}
>
          <FormInput
                    as={[Function]}
                    autoComplete="name"
                    control={[Function]}
                    icon="user"
                    label="Name"
                    name="name"
                    onChange={[Function]}
                    placeholder="Full Name"
                    required={true}
                    type="text"
                    value=""
          />
          <FormInput
                    as={[Function]}
                    autoComplete="tel"
                    control={[Function]}
                    icon="phone"
                    label="Telephone"
                    name="phone"
                    onChange={[Function]}
                    placeholder="Area Code and Phone Number"
                    type="tel"
                    value=""
          />
          <FormInput
                    as={[Function]}
                    control={[Function]}
                    icon="building"
                    label="Company"
                    name="company"
                    onChange={[Function]}
                    placeholder="Company Name"
                    type="text"
                    value=""
          />
          <FormInput
                    as={[Function]}
                    autoComplete="street-address"
                    control={[Function]}
                    icon="address card"
                    label="Street Address"
                    name="address"
                    onChange={[Function]}
                    placeholder="Address"
                    required={true}
                    value=""
          />
          <FormInput
                    as={[Function]}
                    autoComplete="address-level2"
                    control={[Function]}
                    label="City"
                    name="city"
                    onChange={[Function]}
                    placeholder="City"
                    required={true}
                    value=""
          />
          <FormInput
                    as={[Function]}
                    autoComplete="address-level1"
                    control={[Function]}
                    label="State"
                    name="state"
                    onChange={[Function]}
                    placeholder="State"
                    required={true}
                    value=""
          />
          <FormInput
                    as={[Function]}
                    autoComplete="postal_code"
                    control={[Function]}
                    label="Postal Code"
                    name="postal"
                    onChange={[Function]}
                    placeholder="Zip or Postal Code"
                    required={true}
                    value=""
          />
          <FormInput
                    as={[Function]}
                    autoComplete="country"
                    control={[Function]}
                    label="Country"
                    name="country"
                    onChange={[Function]}
                    placeholder="Country"
                    required={true}
                    value=""
          />
          <FormButton
                    as={[Function]}
                    control={[Function]}
          >
                    Check Address
          </FormButton>
</Form>,
      ],
    },
    "ref": null,
    "rendered": Array [
      Object {
        "instance": null,
        "key": undefined,
        "nodeType": "class",
        "props": Object {
          "active": undefined,
          "children": <Loader />,
        },
        "ref": null,
        "rendered": Object {
          "instance": null,
          "key": undefined,
          "nodeType": "function",
          "props": Object {},
          "ref": null,
          "rendered": null,
          "type": [Function],
        },
        "type": [Function],
      },
      Object {
        "instance": null,
        "key": undefined,
        "nodeType": "function",
        "props": Object {
          "content": "Where are we sending this beautiful plant?",
          "subheader": "Enter your address below",
        },
        "ref": null,
        "rendered": null,
        "type": [Function],
      },
      Object {
        "instance": null,
        "key": undefined,
        "nodeType": "class",
        "props": Object {
          "as": "form",
          "children": Array [
            <FormInput
              as={[Function]}
              autoComplete="name"
              control={[Function]}
              icon="user"
              label="Name"
              name="name"
              onChange={[Function]}
              placeholder="Full Name"
              required={true}
              type="text"
              value=""
/>,
            <FormInput
              as={[Function]}
              autoComplete="tel"
              control={[Function]}
              icon="phone"
              label="Telephone"
              name="phone"
              onChange={[Function]}
              placeholder="Area Code and Phone Number"
              type="tel"
              value=""
/>,
            <FormInput
              as={[Function]}
              control={[Function]}
              icon="building"
              label="Company"
              name="company"
              onChange={[Function]}
              placeholder="Company Name"
              type="text"
              value=""
/>,
            <FormInput
              as={[Function]}
              autoComplete="street-address"
              control={[Function]}
              icon="address card"
              label="Street Address"
              name="address"
              onChange={[Function]}
              placeholder="Address"
              required={true}
              value=""
/>,
            <FormInput
              as={[Function]}
              autoComplete="address-level2"
              control={[Function]}
              label="City"
              name="city"
              onChange={[Function]}
              placeholder="City"
              required={true}
              value=""
/>,
            <FormInput
              as={[Function]}
              autoComplete="address-level1"
              control={[Function]}
              label="State"
              name="state"
              onChange={[Function]}
              placeholder="State"
              required={true}
              value=""
/>,
            <FormInput
              as={[Function]}
              autoComplete="postal_code"
              control={[Function]}
              label="Postal Code"
              name="postal"
              onChange={[Function]}
              placeholder="Zip or Postal Code"
              required={true}
              value=""
/>,
            <FormInput
              as={[Function]}
              autoComplete="country"
              control={[Function]}
              label="Country"
              name="country"
              onChange={[Function]}
              placeholder="Country"
              required={true}
              value=""
/>,
            <FormButton
              as={[Function]}
              control={[Function]}
>
              Check Address
</FormButton>,
          ],
          "onSubmit": [Function],
        },
        "ref": null,
        "rendered": Array [
          Object {
            "instance": null,
            "key": undefined,
            "nodeType": "function",
            "props": Object {
              "as": [Function],
              "autoComplete": "name",
              "control": [Function],
              "icon": "user",
              "label": "Name",
              "name": "name",
              "onChange": [Function],
              "placeholder": "Full Name",
              "required": true,
              "type": "text",
              "value": "",
            },
            "ref": null,
            "rendered": null,
            "type": [Function],
          },
          Object {
            "instance": null,
            "key": undefined,
            "nodeType": "function",
            "props": Object {
              "as": [Function],
              "autoComplete": "tel",
              "control": [Function],
              "icon": "phone",
              "label": "Telephone",
              "name": "phone",
              "onChange": [Function],
              "placeholder": "Area Code and Phone Number",
              "type": "tel",
              "value": "",
            },
            "ref": null,
            "rendered": null,
            "type": [Function],
          },
          Object {
            "instance": null,
            "key": undefined,
            "nodeType": "function",
            "props": Object {
              "as": [Function],
              "control": [Function],
              "icon": "building",
              "label": "Company",
              "name": "company",
              "onChange": [Function],
              "placeholder": "Company Name",
              "type": "text",
              "value": "",
            },
            "ref": null,
            "rendered": null,
            "type": [Function],
          },
          Object {
            "instance": null,
            "key": undefined,
            "nodeType": "function",
            "props": Object {
              "as": [Function],
              "autoComplete": "street-address",
              "control": [Function],
              "icon": "address card",
              "label": "Street Address",
              "name": "address",
              "onChange": [Function],
              "placeholder": "Address",
              "required": true,
              "value": "",
            },
            "ref": null,
            "rendered": null,
            "type": [Function],
          },
          Object {
            "instance": null,
            "key": undefined,
            "nodeType": "function",
            "props": Object {
              "as": [Function],
              "autoComplete": "address-level2",
              "control": [Function],
              "label": "City",
              "name": "city",
              "onChange": [Function],
              "placeholder": "City",
              "required": true,
              "value": "",
            },
            "ref": null,
            "rendered": null,
            "type": [Function],
          },
          Object {
            "instance": null,
            "key": undefined,
            "nodeType": "function",
            "props": Object {
              "as": [Function],
              "autoComplete": "address-level1",
              "control": [Function],
              "label": "State",
              "name": "state",
              "onChange": [Function],
              "placeholder": "State",
              "required": true,
              "value": "",
            },
            "ref": null,
            "rendered": null,
            "type": [Function],
          },
          Object {
            "instance": null,
            "key": undefined,
            "nodeType": "function",
            "props": Object {
              "as": [Function],
              "autoComplete": "postal_code",
              "control": [Function],
              "label": "Postal Code",
              "name": "postal",
              "onChange": [Function],
              "placeholder": "Zip or Postal Code",
              "required": true,
              "value": "",
            },
            "ref": null,
            "rendered": null,
            "type": [Function],
          },
          Object {
            "instance": null,
            "key": undefined,
            "nodeType": "function",
            "props": Object {
              "as": [Function],
              "autoComplete": "country",
              "control": [Function],
              "label": "Country",
              "name": "country",
              "onChange": [Function],
              "placeholder": "Country",
              "required": true,
              "value": "",
            },
            "ref": null,
            "rendered": null,
            "type": [Function],
          },
          Object {
            "instance": null,
            "key": undefined,
            "nodeType": "function",
            "props": Object {
              "as": [Function],
              "children": "Check Address",
              "control": [Function],
            },
            "ref": null,
            "rendered": "Check Address",
            "type": [Function],
          },
        ],
        "type": [Function],
      },
    ],
    "type": [Function],
  },
  Symbol(enzyme.__nodes__): Array [
    Object {
      "instance": null,
      "key": undefined,
      "nodeType": "function",
      "props": Object {
        "children": Array [
          <Dimmer
            active={undefined}
>
            <Loader />
</Dimmer>,
          <Header
            content="Where are we sending this beautiful plant?"
            subheader="Enter your address below"
/>,
          <Form
            as="form"
            onSubmit={[Function]}
>
            <FormInput
                        as={[Function]}
                        autoComplete="name"
                        control={[Function]}
                        icon="user"
                        label="Name"
                        name="name"
                        onChange={[Function]}
                        placeholder="Full Name"
                        required={true}
                        type="text"
                        value=""
            />
            <FormInput
                        as={[Function]}
                        autoComplete="tel"
                        control={[Function]}
                        icon="phone"
                        label="Telephone"
                        name="phone"
                        onChange={[Function]}
                        placeholder="Area Code and Phone Number"
                        type="tel"
                        value=""
            />
            <FormInput
                        as={[Function]}
                        control={[Function]}
                        icon="building"
                        label="Company"
                        name="company"
                        onChange={[Function]}
                        placeholder="Company Name"
                        type="text"
                        value=""
            />
            <FormInput
                        as={[Function]}
                        autoComplete="street-address"
                        control={[Function]}
                        icon="address card"
                        label="Street Address"
                        name="address"
                        onChange={[Function]}
                        placeholder="Address"
                        required={true}
                        value=""
            />
            <FormInput
                        as={[Function]}
                        autoComplete="address-level2"
                        control={[Function]}
                        label="City"
                        name="city"
                        onChange={[Function]}
                        placeholder="City"
                        required={true}
                        value=""
            />
            <FormInput
                        as={[Function]}
                        autoComplete="address-level1"
                        control={[Function]}
                        label="State"
                        name="state"
                        onChange={[Function]}
                        placeholder="State"
                        required={true}
                        value=""
            />
            <FormInput
                        as={[Function]}
                        autoComplete="postal_code"
                        control={[Function]}
                        label="Postal Code"
                        name="postal"
                        onChange={[Function]}
                        placeholder="Zip or Postal Code"
                        required={true}
                        value=""
            />
            <FormInput
                        as={[Function]}
                        autoComplete="country"
                        control={[Function]}
                        label="Country"
                        name="country"
                        onChange={[Function]}
                        placeholder="Country"
                        required={true}
                        value=""
            />
            <FormButton
                        as={[Function]}
                        control={[Function]}
            >
                        Check Address
            </FormButton>
</Form>,
        ],
      },
      "ref": null,
      "rendered": Array [
        Object {
          "instance": null,
          "key": undefined,
          "nodeType": "class",
          "props": Object {
            "active": undefined,
            "children": <Loader />,
          },
          "ref": null,
          "rendered": Object {
            "instance": null,
            "key": undefined,
            "nodeType": "function",
            "props": Object {},
            "ref": null,
            "rendered": null,
            "type": [Function],
          },
          "type": [Function],
        },
        Object {
          "instance": null,
          "key": undefined,
          "nodeType": "function",
          "props": Object {
            "content": "Where are we sending this beautiful plant?",
            "subheader": "Enter your address below",
          },
          "ref": null,
          "rendered": null,
          "type": [Function],
        },
        Object {
          "instance": null,
          "key": undefined,
          "nodeType": "class",
          "props": Object {
            "as": "form",
            "children": Array [
              <FormInput
                as={[Function]}
                autoComplete="name"
                control={[Function]}
                icon="user"
                label="Name"
                name="name"
                onChange={[Function]}
                placeholder="Full Name"
                required={true}
                type="text"
                value=""
/>,
              <FormInput
                as={[Function]}
                autoComplete="tel"
                control={[Function]}
                icon="phone"
                label="Telephone"
                name="phone"
                onChange={[Function]}
                placeholder="Area Code and Phone Number"
                type="tel"
                value=""
/>,
              <FormInput
                as={[Function]}
                control={[Function]}
                icon="building"
                label="Company"
                name="company"
                onChange={[Function]}
                placeholder="Company Name"
                type="text"
                value=""
/>,
              <FormInput
                as={[Function]}
                autoComplete="street-address"
                control={[Function]}
                icon="address card"
                label="Street Address"
                name="address"
                onChange={[Function]}
                placeholder="Address"
                required={true}
                value=""
/>,
              <FormInput
                as={[Function]}
                autoComplete="address-level2"
                control={[Function]}
                label="City"
                name="city"
                onChange={[Function]}
                placeholder="City"
                required={true}
                value=""
/>,
              <FormInput
                as={[Function]}
                autoComplete="address-level1"
                control={[Function]}
                label="State"
                name="state"
                onChange={[Function]}
                placeholder="State"
                required={true}
                value=""
/>,
              <FormInput
                as={[Function]}
                autoComplete="postal_code"
                control={[Function]}
                label="Postal Code"
                name="postal"
                onChange={[Function]}
                placeholder="Zip or Postal Code"
                required={true}
                value=""
/>,
              <FormInput
                as={[Function]}
                autoComplete="country"
                control={[Function]}
                label="Country"
                name="country"
                onChange={[Function]}
                placeholder="Country"
                required={true}
                value=""
/>,
              <FormButton
                as={[Function]}
                control={[Function]}
>
                Check Address
</FormButton>,
            ],
            "onSubmit": [Function],
          },
          "ref": null,
          "rendered": Array [
            Object {
              "instance": null,
              "key": undefined,
              "nodeType": "function",
              "props": Object {
                "as": [Function],
                "autoComplete": "name",
                "control": [Function],
                "icon": "user",
                "label": "Name",
                "name": "name",
                "onChange": [Function],
                "placeholder": "Full Name",
                "required": true,
                "type": "text",
                "value": "",
              },
              "ref": null,
              "rendered": null,
              "type": [Function],
            },
            Object {
              "instance": null,
              "key": undefined,
              "nodeType": "function",
              "props": Object {
                "as": [Function],
                "autoComplete": "tel",
                "control": [Function],
                "icon": "phone",
                "label": "Telephone",
                "name": "phone",
                "onChange": [Function],
                "placeholder": "Area Code and Phone Number",
                "type": "tel",
                "value": "",
              },
              "ref": null,
              "rendered": null,
              "type": [Function],
            },
            Object {
              "instance": null,
              "key": undefined,
              "nodeType": "function",
              "props": Object {
                "as": [Function],
                "control": [Function],
                "icon": "building",
                "label": "Company",
                "name": "company",
                "onChange": [Function],
                "placeholder": "Company Name",
                "type": "text",
                "value": "",
              },
              "ref": null,
              "rendered": null,
              "type": [Function],
            },
            Object {
              "instance": null,
              "key": undefined,
              "nodeType": "function",
              "props": Object {
                "as": [Function],
                "autoComplete": "street-address",
                "control": [Function],
                "icon": "address card",
                "label": "Street Address",
                "name": "address",
                "onChange": [Function],
                "placeholder": "Address",
                "required": true,
                "value": "",
              },
              "ref": null,
              "rendered": null,
              "type": [Function],
            },
            Object {
              "instance": null,
              "key": undefined,
              "nodeType": "function",
              "props": Object {
                "as": [Function],
                "autoComplete": "address-level2",
                "control": [Function],
                "label": "City",
                "name": "city",
                "onChange": [Function],
                "placeholder": "City",
                "required": true,
                "value": "",
              },
              "ref": null,
              "rendered": null,
              "type": [Function],
            },
            Object {
              "instance": null,
              "key": undefined,
              "nodeType": "function",
              "props": Object {
                "as": [Function],
                "autoComplete": "address-level1",
                "control": [Function],
                "label": "State",
                "name": "state",
                "onChange": [Function],
                "placeholder": "State",
                "required": true,
                "value": "",
              },
              "ref": null,
              "rendered": null,
              "type": [Function],
            },
            Object {
              "instance": null,
              "key": undefined,
              "nodeType": "function",
              "props": Object {
                "as": [Function],
                "autoComplete": "postal_code",
                "control": [Function],
                "label": "Postal Code",
                "name": "postal",
                "onChange": [Function],
                "placeholder": "Zip or Postal Code",
                "required": true,
                "value": "",
              },
              "ref": null,
              "rendered": null,
              "type": [Function],
            },
            Object {
              "instance": null,
              "key": undefined,
              "nodeType": "function",
              "props": Object {
                "as": [Function],
                "autoComplete": "country",
                "control": [Function],
                "label": "Country",
                "name": "country",
                "onChange": [Function],
                "placeholder": "Country",
                "required": true,
                "value": "",
              },
              "ref": null,
              "rendered": null,
              "type": [Function],
            },
            Object {
              "instance": null,
              "key": undefined,
              "nodeType": "function",
              "props": Object {
                "as": [Function],
                "children": "Check Address",
                "control": [Function],
              },
              "ref": null,
              "rendered": "Check Address",
              "type": [Function],
            },
          ],
          "type": [Function],
        },
      ],
      "type": [Function],
    },
  ],
  Symbol(enzyme.__options__): Object {
    "adapter": ReactSixteenAdapter {
      "options": Object {
        "enableComponentDidUpdateOnSetState": true,
      },
    },
  },
}
`;
