// Jest Snapshot v1, https://goo.gl/fbAQLP

exports[`Ship Component should match the snapshot 1`] = `
ShallowWrapper {
  "length": 1,
  Symbol(enzyme.__root__): [Circular],
  Symbol(enzyme.__unrendered__): <Ship />,
  Symbol(enzyme.__renderer__): Object {
    "batchedUpdates": [Function],
    "getNode": [Function],
    "render": [Function],
    "simulateEvent": [Function],
    "unmount": [Function],
  },
  Symbol(enzyme.__node__): Object {
    "instance": null,
    "key": undefined,
    "nodeType": "function",
    "props": Object {
      "basic": true,
      "children": <Modal
        closeIcon={true}
        closeOnDimmerClick={false}
        closeOnDocumentClick={false}
        dimmer={true}
        eventPool="Modal"
        onClose={[Function]}
        open={false}
        size="small"
        trigger={
                <Button
                        as="button"
                        onClick={[Function]}
                >
                        Order
                </Button>
        }
>
        <ModalContent>
                <Connect(VerifyAddress)
                        moveStep={[Function]}
                />
        </ModalContent>
</Modal>,
    },
    "ref": null,
    "rendered": Object {
      "instance": null,
      "key": undefined,
      "nodeType": "class",
      "props": Object {
        "children": <ModalContent>
          <Connect(VerifyAddress)
                    moveStep={[Function]}
          />
</ModalContent>,
        "closeIcon": true,
        "closeOnDimmerClick": false,
        "closeOnDocumentClick": false,
        "dimmer": true,
        "eventPool": "Modal",
        "onClose": [Function],
        "open": false,
        "size": "small",
        "trigger": <Button
          as="button"
          onClick={[Function]}
>
          Order
</Button>,
      },
      "ref": null,
      "rendered": Object {
        "instance": null,
        "key": undefined,
        "nodeType": "function",
        "props": Object {
          "children": <Connect(VerifyAddress)
            moveStep={[Function]}
/>,
        },
        "ref": null,
        "rendered": Object {
          "instance": null,
          "key": undefined,
          "nodeType": "class",
          "props": Object {
            "moveStep": [Function],
          },
          "ref": null,
          "rendered": null,
          "type": [Function],
        },
        "type": [Function],
      },
      "type": [Function],
    },
    "type": [Function],
  },
  Symbol(enzyme.__nodes__): Array [
    Object {
      "instance": null,
      "key": undefined,
      "nodeType": "function",
      "props": Object {
        "basic": true,
        "children": <Modal
          closeIcon={true}
          closeOnDimmerClick={false}
          closeOnDocumentClick={false}
          dimmer={true}
          eventPool="Modal"
          onClose={[Function]}
          open={false}
          size="small"
          trigger={
                    <Button
                              as="button"
                              onClick={[Function]}
                    >
                              Order
                    </Button>
          }
>
          <ModalContent>
                    <Connect(VerifyAddress)
                              moveStep={[Function]}
                    />
          </ModalContent>
</Modal>,
      },
      "ref": null,
      "rendered": Object {
        "instance": null,
        "key": undefined,
        "nodeType": "class",
        "props": Object {
          "children": <ModalContent>
            <Connect(VerifyAddress)
                        moveStep={[Function]}
            />
</ModalContent>,
          "closeIcon": true,
          "closeOnDimmerClick": false,
          "closeOnDocumentClick": false,
          "dimmer": true,
          "eventPool": "Modal",
          "onClose": [Function],
          "open": false,
          "size": "small",
          "trigger": <Button
            as="button"
            onClick={[Function]}
>
            Order
</Button>,
        },
        "ref": null,
        "rendered": Object {
          "instance": null,
          "key": undefined,
          "nodeType": "function",
          "props": Object {
            "children": <Connect(VerifyAddress)
              moveStep={[Function]}
/>,
          },
          "ref": null,
          "rendered": Object {
            "instance": null,
            "key": undefined,
            "nodeType": "class",
            "props": Object {
              "moveStep": [Function],
            },
            "ref": null,
            "rendered": null,
            "type": [Function],
          },
          "type": [Function],
        },
        "type": [Function],
      },
      "type": [Function],
    },
  ],
  Symbol(enzyme.__options__): Object {
    "adapter": ReactSixteenAdapter {
      "options": Object {
        "enableComponentDidUpdateOnSetState": true,
      },
    },
  },
}
`;
